// Jest Snapshot v1, https://goo.gl/fbAQLP

exports[`App snapshot renders 1`] = `
<div>
  <div>
    Header
  </div>
  <div>
    Welcome
  </div>
</div>
`;
